// Jest Snapshot v1, https://goo.gl/fbAQLP

exports[`FooterComponent snapshot 1`] = `
<app-footer>
  <mat-toolbar>
     Footer
  
  </mat-toolbar>
</app-footer>
`;
