// Jest Snapshot v1, https://goo.gl/fbAQLP

exports[`ForgotPasswordComponent snapshot 1`] = `
<app-forgot-password-page>
  <section>
    <app-forgot-password />
  </section>
</app-forgot-password-page>
`;
